
> lead-scout@0.1.0 build D:\projects for fun\lead-scout
> next build

Γû▓ Next.js 16.1.1 (Turbopack)
- Environments: .env

node.exe : ΓÜá The "middleware" file 
convention is deprecated. Please use 
"proxy" instead. Learn more: https://ne
xtjs.org/docs/messages/middleware-to-pr
oxy
At C:\Program Files\nodejs\pnpm.ps1:16 
char:5
+     & "$basedir/node$exe"  "$basedir/
node_modules/pnpm/bin/pnpm.cjs"  ...
+     ~~~~~~~~~~~~~~~~~~~~~~~~~~~~~~~~~
~~~~~~~~~~~~~~~~~~~~~~~~~~~~~~~~
    + CategoryInfo          : NotSpeci 
   fied: (ΓÜá The "middle...leware-to  
  -proxy:String) [], RemoteException
    + FullyQualifiedErrorId : NativeCo 
   mmandError
 
  Creating an optimized production build ...
Γ£ô Compiled successfully in 22.3s
  Running TypeScript ...
  Collecting page data using 11 workers ...
  Generating static pages using 11 workers (0/19) ...
  Generating static pages using 11 workers (4/19) 
ΓÜá metadataBase property in metadata 
export is not set for resolving social 
open graph or twitter images, using 
"http://localhost:3000". See https://ne
xtjs.org/docs/app/api-reference/functio
ns/generate-metadata#metadatabase
  Generating static pages using 11 workers (9/19) 
  Generating static pages using 11 workers (14/19) 
Γ£ô Generating static pages using 11 workers (19/19) in 2.5s
  Finalizing page optimization ...

Route (app)
Γöî Γùï /
Γö£ Γùï /_not-found
Γö£ Γùï /analytics
Γö£ ╞Æ /api/auth/[...all]
Γö£ ╞Æ /api/chat
Γö£ ╞Æ /api/razorpay/order
Γö£ ╞Æ /api/razorpay/verify
Γö£ ╞Æ /api/razorpay/webhook
Γö£ ╞Æ /api/stripe/checkout
Γö£ ╞Æ /api/stripe/portal
Γö£ ╞Æ /api/stripe/webhook
Γö£ ╞Æ /api/v1/audit
Γö£ ╞Æ /api/v1/audit/[id]
Γö£ ╞Æ /api/v1/leads
Γö£ ╞Æ /api/v1/leads/[id]
Γö£ ╞Æ /api/v1/leads/[id]/favorite
Γö£ ╞Æ /api/v1/search
Γö£ ╞Æ /api/v1/usage
Γö£ ╞Æ /auth/callback
Γö£ Γùï /dashboard
Γö£ Γùï /docs/api
Γö£ Γùï /login
Γö£ Γùï /portal
Γö£ Γùï /pricing
Γö£ Γùï /privacy-policy
Γö£ Γùï /settings
Γöö Γùï /settings/api-keys


╞Æ Proxy (Middleware)

Γùï  (Static)   prerendered as static content
╞Æ  (Dynamic)  server-rendered on demand

